../Core/Src/main.c:109:5:main	160	static
../Core/Src/main.c:216:6:SystemClock_Config	88	static
../Core/Src/main.c:262:13:MX_ADC1_Init	24	static
../Core/Src/main.c:314:13:MX_TIM1_Init	32	static
../Core/Src/main.c:360:13:MX_TIM2_Init	32	static
../Core/Src/main.c:405:13:MX_TIM4_Init	48	static
../Core/Src/main.c:466:13:MX_TIM5_Init	48	static
../Core/Src/main.c:515:13:MX_GPIO_Init	48	static
../Core/Src/main.c:567:6:microDelay1	16	static
../Core/Src/main.c:574:6:microDelay2	16	static
../Core/Src/main.c:580:6:stepLinear	24	static
../Core/Src/main.c:596:6:stepTopPan	24	static
../Core/Src/main.c:612:6:stepTilt	24	static
../Core/Src/main.c:628:6:dispenseEgg	16	static
../Core/Src/main.c:634:6:dispenseOnion	16	static
../Core/Src/main.c:640:6:dispenseBellPepper	16	static
../Core/Src/main.c:655:6:StartDefaultTask	16	static
../Core/Src/main.c:673:6:LinearMotor	16	static
../Core/Src/main.c:718:6:TopPan	16	static
../Core/Src/main.c:756:6:PanTilt	16	static
../Core/Src/main.c:791:6:Main	16	static
../Core/Src/main.c:867:6:HAL_TIM_PeriodElapsedCallback	16	static
../Core/Src/main.c:884:6:Error_Handler	4	static,ignoring_inline_asm
