../Core/Src/main.c:115:5:main	184	static
../Core/Src/main.c:228:6:SystemClock_Config	88	static
../Core/Src/main.c:274:13:MX_ADC1_Init	24	static
../Core/Src/main.c:326:13:MX_TIM1_Init	32	static
../Core/Src/main.c:372:13:MX_TIM2_Init	32	static
../Core/Src/main.c:417:13:MX_TIM4_Init	48	static
../Core/Src/main.c:478:13:MX_TIM5_Init	48	static
../Core/Src/main.c:527:13:MX_USART1_UART_Init	8	static
../Core/Src/main.c:558:13:MX_DMA_Init	16	static
../Core/Src/main.c:576:13:MX_GPIO_Init	48	static
../Core/Src/main.c:642:6:microDelay1	16	static
../Core/Src/main.c:649:6:microDelay2	16	static
../Core/Src/main.c:655:6:stepLinear	24	static
../Core/Src/main.c:671:6:stepTopPan	24	static
../Core/Src/main.c:687:6:stepTilt	24	static
../Core/Src/main.c:703:6:ingr5	16	static
../Core/Src/main.c:709:6:ingr2	16	static
../Core/Src/main.c:715:6:ingr4	16	static
../Core/Src/main.c:721:6:ingr3	16	static
../Core/Src/main.c:727:6:ingr1	16	static
../Core/Src/main.c:745:6:StartDefaultTask	16	static
../Core/Src/main.c:763:6:LinearMotor	16	static
../Core/Src/main.c:838:6:TopPan	16	static
../Core/Src/main.c:877:6:PanTilt	16	static
../Core/Src/main.c:907:6:Main	16	static
../Core/Src/main.c:969:6:MenuCommFunc	32	static
../Core/Src/main.c:1010:6:HAL_TIM_PeriodElapsedCallback	16	static
../Core/Src/main.c:1027:6:Error_Handler	4	static,ignoring_inline_asm
