../Core/Src/main.c:114:5:main	184	static
../Core/Src/main.c:227:6:SystemClock_Config	88	static
../Core/Src/main.c:273:13:MX_TIM1_Init	32	static
../Core/Src/main.c:319:13:MX_TIM2_Init	64	static
../Core/Src/main.c:378:13:MX_TIM3_Init	48	static
../Core/Src/main.c:427:13:MX_TIM4_Init	48	static
../Core/Src/main.c:488:13:MX_TIM5_Init	48	static
../Core/Src/main.c:537:13:MX_USART1_UART_Init	8	static
../Core/Src/main.c:568:13:MX_DMA_Init	16	static
../Core/Src/main.c:586:13:MX_GPIO_Init	48	static
../Core/Src/main.c:667:6:microDelay1	16	static
../Core/Src/main.c:674:6:microDelay2	16	static
../Core/Src/main.c:680:6:stepLinear	24	static
../Core/Src/main.c:715:6:stepTopPan	24	static
../Core/Src/main.c:737:6:stepTilt	32	static
../Core/Src/main.c:753:6:ingr5	16	static
../Core/Src/main.c:759:6:ingr2	16	static
../Core/Src/main.c:765:6:ingr4	16	static
../Core/Src/main.c:772:6:ingr3	16	static
../Core/Src/main.c:778:6:ingr1	16	static
../Core/Src/main.c:796:6:StartDefaultTask	16	static
../Core/Src/main.c:814:6:LinearMotor	16	static
../Core/Src/main.c:910:6:TopPan	16	static
../Core/Src/main.c:949:6:PanTilt	16	static
../Core/Src/main.c:981:6:Main	16	static
../Core/Src/main.c:1084:6:MenuCommFunc	32	static
../Core/Src/main.c:1125:6:HAL_TIM_PeriodElapsedCallback	16	static
../Core/Src/main.c:1142:6:Error_Handler	4	static,ignoring_inline_asm
