../Core/Src/main.c:114:5:main	1
../Core/Src/main.c:227:6:SystemClock_Config	3
../Core/Src/main.c:273:13:MX_TIM1_Init	4
../Core/Src/main.c:319:13:MX_TIM2_Init	6
../Core/Src/main.c:378:13:MX_TIM3_Init	4
../Core/Src/main.c:427:13:MX_TIM4_Init	7
../Core/Src/main.c:488:13:MX_TIM5_Init	4
../Core/Src/main.c:537:13:MX_USART1_UART_Init	2
../Core/Src/main.c:568:13:MX_DMA_Init	1
../Core/Src/main.c:586:13:MX_GPIO_Init	1
../Core/Src/main.c:667:6:microDelay1	2
../Core/Src/main.c:674:6:microDelay2	2
../Core/Src/main.c:680:6:stepLinear	2
../Core/Src/main.c:715:6:stepTopPan	2
../Core/Src/main.c:737:6:stepTilt	3
../Core/Src/main.c:753:6:ingr5	1
../Core/Src/main.c:759:6:ingr2	1
../Core/Src/main.c:765:6:ingr4	1
../Core/Src/main.c:772:6:ingr3	1
../Core/Src/main.c:778:6:ingr1	1
../Core/Src/main.c:796:6:StartDefaultTask	1
../Core/Src/main.c:814:6:LinearMotor	6
../Core/Src/main.c:910:6:TopPan	4
../Core/Src/main.c:949:6:PanTilt	4
../Core/Src/main.c:981:6:Main	9
../Core/Src/main.c:1084:6:MenuCommFunc	7
../Core/Src/main.c:1125:6:HAL_TIM_PeriodElapsedCallback	2
../Core/Src/main.c:1142:6:Error_Handler	1
