../Core/Src/main.cpp:72:6:void ingrTogg()	8	static
../Core/Src/main.cpp:80:6:void updateFunction()	8	static
../Core/Src/main.cpp:114:6:void goStepper()	8	static
../Core/Src/main.cpp:141:6:void startFunction()	8	static
../Core/Inc/SimpleMenu.h:24:7:SimpleMenu::~SimpleMenu()	16	static
../Core/Src/main.cpp:179:6:void display(SimpleMenu*)	24	static
../Core/Src/main.cpp:194:6:void displayValue(SimpleMenu*)	32	static
../Core/Src/main.cpp:211:5:int main()	24	static
../Core/Src/main.cpp:302:6:void SystemClock_Config()	88	static
../Core/Src/main.cpp:352:13:void MX_I2C1_Init()	8	static
../Core/Src/main.cpp:386:13:void MX_USART1_UART_Init()	8	static
../Core/Src/main.cpp:419:13:void MX_GPIO_Init()	48	static
../Core/Src/main.cpp:459:6:void HAL_TIM_PeriodElapsedCallback(TIM_HandleTypeDef*)	16	static
../Core/Src/main.cpp:476:6:void Error_Handler()	4	static,ignoring_inline_asm
../Core/Src/main.cpp:485:1:void __static_initialization_and_destruction_0(int, int)	424	static
../Core/Src/main.cpp:485:1:cpp)	8	static
../Core/Src/main.cpp:485:1:cpp)	8	static
