../Core/Src/SimpleMenu.cpp:22:1:SimpleMenu::SimpleMenu(int, SimpleMenu*)	24	static
../Core/Src/SimpleMenu.cpp:28:1:SimpleMenu::SimpleMenu(void (*)())	16	static
../Core/Src/SimpleMenu.cpp:34:1:SimpleMenu::SimpleMenu(bool (*)(int), SimpleMenu*)	24	static
../Core/Src/SimpleMenu.cpp:40:1:SimpleMenu::SimpleMenu(bool (*)(int), void (*)())	24	static
../Core/Src/SimpleMenu.cpp:46:1:SimpleMenu::SimpleMenu(std::string, int, SimpleMenu*)	24	static
../Core/Src/SimpleMenu.cpp:53:1:SimpleMenu::SimpleMenu(std::string, int*)	24	static
../Core/Src/SimpleMenu.cpp:59:1:SimpleMenu::SimpleMenu(std::string, int*, int, int)	24	static
../Core/Src/SimpleMenu.cpp:68:1:SimpleMenu::SimpleMenu(std::string, void (*)())	24	static
../Core/Src/SimpleMenu.cpp:74:1:SimpleMenu::SimpleMenu(std::string, bool (*)(int), SimpleMenu*)	24	static
../Core/Src/SimpleMenu.cpp:81:1:SimpleMenu::SimpleMenu(std::string, bool (*)(int), void (*)())	24	static
../Core/Src/SimpleMenu.cpp:88:6:void SimpleMenu::begin()	16	static
../Core/Src/SimpleMenu.cpp:95:6:void SimpleMenu::begin(void (*)(SimpleMenu*))	16	static
../Core/Src/SimpleMenu.cpp:104:6:void SimpleMenu::begin(void (*)(SimpleMenu*), void (*)(SimpleMenu*))	24	static
../Core/Src/SimpleMenu.cpp:115:6:void SimpleMenu::begin(SimpleMenu*, void (*)(SimpleMenu*), void (*)(SimpleMenu*))	24	static
../Core/Src/SimpleMenu.cpp:135:6:void SimpleMenu::setFunctions(void (*)(SimpleMenu*), void (*)(SimpleMenu*))	24	static
../Core/Src/SimpleMenu.cpp:141:6:void SimpleMenu::home()	16	static
../Core/Src/SimpleMenu.cpp:158:6:void SimpleMenu::select()	16	static
../Core/Src/SimpleMenu.cpp:193:6:void SimpleMenu::back()	16	static
../Core/Src/SimpleMenu.cpp:214:6:void SimpleMenu::returned()	16	static
../Core/Src/SimpleMenu.cpp:220:6:void SimpleMenu::up()	16	static
../Core/Src/SimpleMenu.cpp:241:6:void SimpleMenu::down()	16	static
../Core/Src/SimpleMenu.cpp:262:6:void SimpleMenu::index(int)	16	static
../Core/Src/SimpleMenu.cpp:284:13:SimpleMenu* SimpleMenu::next()	16	static
../Core/Src/SimpleMenu.cpp:289:13:SimpleMenu* SimpleMenu::next(int)	16	static
../Core/Src/SimpleMenu.cpp:306:6:void SimpleMenu::print()	24	static
../Core/Src/SimpleMenu.cpp:363:6:bool SimpleMenu::hasValue()	16	static
../Core/Src/SimpleMenu.cpp:368:5:int SimpleMenu::getValue()	16	static
../Core/Src/SimpleMenu.cpp:374:5:int SimpleMenu::getIndex()	16	static
../Core/Src/SimpleMenu.cpp:380:7:char* stringToCharArray(const std::string&)	24	static
