../Core/Src/main.c:87:5:main	1
../Core/Src/main.c:176:6:SystemClock_Config	4
../Core/Src/main.c:223:13:MX_ADC1_Init	3
../Core/Src/main.c:270:13:MX_I2C1_Init	2
../Core/Src/main.c:304:13:MX_TIM1_Init	8
../Core/Src/main.c:383:13:MX_TIM2_Init	6
../Core/Src/main.c:442:13:MX_GPIO_Init	1
../Core/Src/main.c:479:6:StartGreenLed	1
../Core/Src/main.c:497:6:HeaterFunction	1
../Core/Src/main.c:515:6:CoolerFunction	1
../Core/Src/main.c:534:6:HAL_TIM_PeriodElapsedCallback	2
../Core/Src/main.c:551:6:Error_Handler	1
