../Core/Src/main.c:87:5:main	104	static
../Core/Src/main.c:176:6:SystemClock_Config	88	static
../Core/Src/main.c:223:13:MX_ADC1_Init	24	static
../Core/Src/main.c:270:13:MX_I2C1_Init	8	static
../Core/Src/main.c:304:13:MX_TIM1_Init	96	static
../Core/Src/main.c:383:13:MX_TIM2_Init	64	static
../Core/Src/main.c:442:13:MX_GPIO_Init	40	static
../Core/Src/main.c:479:6:StartGreenLed	16	static
../Core/Src/main.c:497:6:HeaterFunction	16	static
../Core/Src/main.c:526:6:CoolerFunction	16	static
../Core/Src/main.c:545:6:HAL_TIM_PeriodElapsedCallback	16	static
../Core/Src/main.c:562:6:Error_Handler	4	static,ignoring_inline_asm
