20:14:37 **** Incremental Build of configuration Debug for project Sonya Tech Menu Cpp ****
make -j7 all 
arm-none-eabi-g++ "../Core/Src/main.cpp" -mcpu=cortex-m4 -std=gnu++14 -g3 -DDEBUG -DUSE_HAL_DRIVER -DSTM32F411xE -c -I../Core/Inc -I../Drivers/STM32F4xx_HAL_Driver/Inc -I../Drivers/STM32F4xx_HAL_Driver/Inc/Legacy -I../Drivers/CMSIS/Device/ST/STM32F4xx/Include -I../Drivers/CMSIS/Include -O0 -ffunction-sections -fdata-sections -fno-exceptions -fno-rtti -fno-use-cxa-atexit -Wall -fstack-usage -fcyclomatic-complexity -MMD -MP -MF"Core/Src/main.d" -MT"Core/Src/main.o" --specs=nano.specs -mfpu=fpv4-sp-d16 -mfloat-abi=hard -mthumb -o "Core/Src/main.o"
arm-none-eabi-g++ -o "Sonya Tech Menu Cpp.elf" @"objects.list"   -mcpu=cortex-m4 -T"/Users/mindhacker999/STM32CubeIDE/workspace_1.17.0/Sonya-Tech/Sonya Tech Menu Cpp/STM32F411CEUX_FLASH.ld" --specs=nosys.specs -Wl,-Map="Sonya Tech Menu Cpp.map" -Wl,--gc-sections -static --specs=nano.specs -mfpu=fpv4-sp-d16 -mfloat-abi=hard -mthumb -Wl,--start-group -lc -lm -lstdc++ -lsupc++ -Wl,--end-group
Finished building target: Sonya Tech Menu Cpp.elf
 
arm-none-eabi-size  Sonya\ Tech\ Menu\ Cpp.elf 
arm-none-eabi-objdump -h -S Sonya\ Tech\ Menu\ Cpp.elf  > "Sonya Tech Menu Cpp.list"
   text	   data	    bss	    dec	    hex	filename
  21476	    108	   3796	  25380	   6324	Sonya Tech Menu Cpp.elf
Finished building: default.size.stdout
 
Finished building: Sonya Tech Menu Cpp.list
 

20:14:38 Build Finished. 0 errors, 0 warnings. (took 909ms)

