04:01:35 **** Incremental Build of configuration Debug for project Sonya Tech Tests ****
make -j7 all 
arm-none-eabi-gcc "../Core/Src/heater.c" -mcpu=cortex-m3 -std=gnu11 -g3 -DDEBUG -DUSE_HAL_DRIVER -DSTM32F103x6 -c -I../Core/Inc -I../Drivers/STM32F1xx_HAL_Driver/Inc/Legacy -I../Drivers/STM32F1xx_HAL_Driver/Inc -I../Drivers/CMSIS/Device/ST/STM32F1xx/Include -I../Drivers/CMSIS/Include -I../Middlewares/Third_Party/FreeRTOS/Source/include -I../Middlewares/Third_Party/FreeRTOS/Source/CMSIS_RTOS -I../Middlewares/Third_Party/FreeRTOS/Source/portable/GCC/ARM_CM3 -O0 -ffunction-sections -fdata-sections -Wall -fstack-usage -fcyclomatic-complexity -MMD -MP -MF"Core/Src/heater.d" -MT"Core/Src/heater.o" --specs=nano.specs -mfloat-abi=soft -mthumb -o "Core/Src/heater.o"
arm-none-eabi-gcc -o "Sonya Tech Tests.elf" @"objects.list"   -mcpu=cortex-m3 -T"/Users/mindhacker999/STM32CubeIDE/workspace_1.17.0/Sonya-Tech/Sonya Tech Tests/STM32F103C6TX_FLASH.ld" --specs=nosys.specs -Wl,-Map="Sonya Tech Tests.map" -Wl,--gc-sections -static --specs=nano.specs -mfloat-abi=soft -mthumb -Wl,--start-group -lc -lm -Wl,--end-group
Finished building target: Sonya Tech Tests.elf
 
arm-none-eabi-size  Sonya\ Tech\ Tests.elf 
arm-none-eabi-objdump -h -S Sonya\ Tech\ Tests.elf  > "Sonya Tech Tests.list"
   text	   data	    bss	    dec	    hex	filename
  29312	    100	   6452	  35864	   8c18	Sonya Tech Tests.elf
Finished building: default.size.stdout
 
Finished building: Sonya Tech Tests.list
 

04:01:36 Build Finished. 0 errors, 0 warnings. (took 823ms)

