21:09:46 **** Incremental Build of configuration Debug for project Sonya Tech Main MCU ****
make -j7 all 
arm-none-eabi-gcc "../Core/Src/main.c" -mcpu=cortex-m4 -std=gnu11 -g3 -DDEBUG -DUSE_HAL_DRIVER -DSTM32F411xE -c -I../Core/Inc -I../Drivers/STM32F4xx_HAL_Driver/Inc -I../Drivers/STM32F4xx_HAL_Driver/Inc/Legacy -I../Drivers/CMSIS/Device/ST/STM32F4xx/Include -I../Drivers/CMSIS/Include -I../Middlewares/Third_Party/FreeRTOS/Source/include -I../Middlewares/Third_Party/FreeRTOS/Source/CMSIS_RTOS -I../Middlewares/Third_Party/FreeRTOS/Source/portable/GCC/ARM_CM4F -O0 -ffunction-sections -fdata-sections -Wall -fstack-usage -fcyclomatic-complexity -MMD -MP -MF"Core/Src/main.d" -MT"Core/Src/main.o" --specs=nano.specs -mfpu=fpv4-sp-d16 -mfloat-abi=hard -mthumb -o "Core/Src/main.o"
arm-none-eabi-gcc -o "Sonya Tech Main MCU.elf" @"objects.list"   -mcpu=cortex-m4 -T"/Users/mindhacker999/STM32CubeIDE/workspace_1.17.0/Sonya-Tech/Sonya Tech Main MCU/STM32F411CEUX_FLASH.ld" --specs=nosys.specs -Wl,-Map="Sonya Tech Main MCU.map" -Wl,--gc-sections -static --specs=nano.specs -mfpu=fpv4-sp-d16 -mfloat-abi=hard -mthumb -Wl,--start-group -lc -lm -Wl,--end-group
Finished building target: Sonya Tech Main MCU.elf
 
arm-none-eabi-size  Sonya\ Tech\ Main\ MCU.elf 
arm-none-eabi-objdump -h -S Sonya\ Tech\ Main\ MCU.elf  > "Sonya Tech Main MCU.list"
   text	   data	    bss	    dec	    hex	filename
  25408	    100	  18996	  44504	   add8	Sonya Tech Main MCU.elf
Finished building: default.size.stdout
 
Finished building: Sonya Tech Main MCU.list
 

21:09:47 Build Finished. 0 errors, 0 warnings. (took 824ms)

