15:13:33 **** Incremental Build of configuration Debug for project Sonya Tech Menu ****
make -j7 all 
arm-none-eabi-gcc "../Core/Src/main.c" -mcpu=cortex-m4 -std=gnu11 -g3 -DDEBUG -DUSE_HAL_DRIVER -DSTM32F411xE -c -I../Core/Inc -I../Drivers/STM32F4xx_HAL_Driver/Inc -I../Drivers/STM32F4xx_HAL_Driver/Inc/Legacy -I../Drivers/CMSIS/Device/ST/STM32F4xx/Include -I../Drivers/CMSIS/Include -O0 -ffunction-sections -fdata-sections -Wall -fstack-usage -fcyclomatic-complexity -MMD -MP -MF"Core/Src/main.d" -MT"Core/Src/main.o" --specs=nano.specs -mfpu=fpv4-sp-d16 -mfloat-abi=hard -mthumb -o "Core/Src/main.o"
arm-none-eabi-gcc -o "Sonya Tech Menu.elf" @"objects.list"   -mcpu=cortex-m4 -T"/Users/mindhacker999/STM32CubeIDE/workspace_1.17.0/Sonya-Tech/Sonya Tech Menu/STM32F411CEUX_FLASH.ld" --specs=nosys.specs -Wl,-Map="Sonya Tech Menu.map" -Wl,--gc-sections -static --specs=nano.specs -mfpu=fpv4-sp-d16 -mfloat-abi=hard -mthumb -Wl,--start-group -lc -lm -Wl,--end-group
Finished building target: Sonya Tech Menu.elf
 
arm-none-eabi-size  Sonya\ Tech\ Menu.elf 
arm-none-eabi-objdump -h -S Sonya\ Tech\ Menu.elf  > "Sonya Tech Menu.list"
   text	   data	    bss	    dec	    hex	filename
   7760	     12	   1684	   9456	   24f0	Sonya Tech Menu.elf
Finished building: default.size.stdout
 
Finished building: Sonya Tech Menu.list
 

15:13:34 Build Finished. 0 errors, 0 warnings. (took 708ms)

